[broadmoorterrace.com/index.html]
[backblue.gif]
[fade.gif]
[index.html]
[broadmoorterrace.com/images/bticon.jpg]
[broadmoorterrace.com/bta.css]
[broadmoorterrace.com/images/skyblubkg.jpg]
[broadmoorterrace.com/images/logo.gif]
[broadmoorterrace.com/apartments.html]
[broadmoorterrace.com/guest_suite.html]
[broadmoorterrace.com/directions.html]
[broadmoorterrace.com/info.html]
[broadmoorterrace.com/images/gate_new.jpg]
[broadmoorterrace.com/images/bldg.jpg]
[broadmoorterrace.com/images/bldg-t.jpg]
[broadmoorterrace.com/images/park.jpg]
[broadmoorterrace.com/images/park-t.jpg]
[broadmoorterrace.com/images/cheyenne.jpg]
[broadmoorterrace.com/images/cheyenne-t.jpg]
[broadmoorterrace.com/images/genview2.jpg]
[broadmoorterrace.com/images/genview2-t.jpg]
[broadmoorterrace.com/images/commons.jpg]
[broadmoorterrace.com/images/commons-t.jpg]
[broadmoorterrace.com/images/pool.jpg]
[broadmoorterrace.com/images/pool-t.jpg]
[broadmoorterrace.com/images/moonrisebanner.jpg]
[broadmoorterrace.com/index.html]
[broadmoorterrace.com/bta.css]
[broadmoorterrace.com/index-2.html]
[broadmoorterrace.com/apartments2.html]
[broadmoorterrace.com/images/livingroom.jpg]
[broadmoorterrace.com/images/livingroom-t.jpg]
[broadmoorterrace.com/images/kitch-liv2.jpg]
[broadmoorterrace.com/images/kitch-liv2-t.jpg]
[broadmoorterrace.com/images/bedroom.jpg]
[broadmoorterrace.com/images/bedroom-t.jpg]
[broadmoorterrace.com/images/kitch-liv1.jpg]
[broadmoorterrace.com/images/kitch-liv1-t.jpg]
[broadmoorterrace.com/images/studio.jpg]
[broadmoorterrace.com/images/studio-t.jpg]
[broadmoorterrace.com/images/1bdr.jpg]
[broadmoorterrace.com/images/1bdr-t.jpg]
[broadmoorterrace.com/images/2bdr-t.jpg]
[broadmoorterrace.com/images/penthouse.gif]
[broadmoorterrace.com/images/penth-t.jpg]
[broadmoorterrace.com/images/gogbanner.jpg]
[broadmoorterrace.com/apartments.html]
[broadmoorterrace.com/images/ste-living.jpg]
[broadmoorterrace.com/images/ste-living-t.jpg]
[broadmoorterrace.com/images/bedroom_1.jpg]
[broadmoorterrace.com/images/bedroom_1-t.jpg]
[broadmoorterrace.com/images/bedroom_2.jpg]
[broadmoorterrace.com/images/ste_bath.jpg]
[broadmoorterrace.com/images/ste_bath-t.jpg]
[broadmoorterrace.com/images/ste-kitchen-t.jpg]
[broadmoorterrace.com/images/ste-living2.jpg]
[broadmoorterrace.com/images/ste-living2-t.jpg]
[broadmoorterrace.com/guest_suite.html]
[broadmoorterrace.com/images/map.gif]
[broadmoorterrace.com/images/cos.jpg]
[broadmoorterrace.com/directions.html]
[broadmoorterrace.com/images/wildlife.gif]
[broadmoorterrace.com/images/sunsetbanner.jpg]
[broadmoorterrace.com/info.html]
[broadmoorterrace.com/index-2.html]
[broadmoorterrace.com/images/2bdr850.jpg]
[broadmoorterrace.com/images/2bdr850-t.jpg]
[broadmoorterrace.com/images/2bdr852.jpg]
[broadmoorterrace.com/images/2bdr852-t.jpg]
[broadmoorterrace.com/images/2bdr872.jpg]
[broadmoorterrace.com/images/2bdr872-t.jpg]
[broadmoorterrace.com/images/2bdr872a.jpg]
[broadmoorterrace.com/images/2bdr872a-t.jpg]
[broadmoorterrace.com/images/2bdr914.jpg]
[broadmoorterrace.com/images/2bdr914-t.jpg]
[broadmoorterrace.com/apartments2.html]
[broadmoorterrace.com/images/bedroom_2-t.jpg]
[broadmoorterrace.com/images/ste-kitchen.jpg]
[broadmoorterrace.com/images/2brdfurnished.gif]
